DSP1_IC_1.h:2111:6:default_download_IC_1	8	static
DSP2_IC_2.h:2111:6:default_download_IC_2	8	static
main.c:93:5:main	24	static
main.c:189:6:SystemClock_Config	88	static
main.c:233:13:MX_ADC1_Init	24	static
main.c:395:13:MX_I2C1_Init	8	static
main.c:429:13:MX_I2C2_Init	8	static
main.c:463:13:MX_I2C3_Init	8	static
main.c:497:13:MX_TIM2_Init	32	static
main.c:540:13:MX_DMA_Init	16	static
main.c:558:13:MX_GPIO_Init	48	static
main.c:600:6:SIGMA_WRITE_REGISTER_BLOCK	40	static
main.c:606:6:HAL_ADC_ConvCpltCallback	24	static
main.c:650:6:Error_Handler	4	static,ignoring_inline_asm
