DSP1_IC_1.h:2111:6:default_download_IC_1	8	static
DSP2_IC_2.h:2111:6:default_download_IC_2	8	static
main.c:90:5:main	8	static
main.c:182:6:SystemClock_Config	88	static
main.c:226:13:MX_ADC1_Init	24	static
main.c:388:13:MX_I2C1_Init	8	static
main.c:422:13:MX_I2C2_Init	8	static
main.c:456:13:MX_I2C3_Init	8	static
main.c:490:13:MX_TIM2_Init	32	static
main.c:533:13:MX_DMA_Init	16	static
main.c:551:13:MX_GPIO_Init	48	static
main.c:593:6:SIGMA_WRITE_REGISTER_BLOCK	40	static
main.c:599:6:HAL_ADC_ConvCpltCallback	24	static
main.c:643:6:Error_Handler	4	static,ignoring_inline_asm
